

================================================================
== Vivado HLS Report for 'sobel_operator'
================================================================
* Date:           Thu Dec 24 19:02:25 2020

* Version:        2019.2 (Build 2704478 on Wed Nov 06 22:10:23 MST 2019)
* Project:        Sobel_v2
* Solution:       solution1
* Product family: zynq
* Target device:  xc7z020-clg484-1


================================================================
== Performance Estimates
================================================================
+ Timing: 
    * Summary: 
    +--------+----------+----------+------------+
    |  Clock |  Target  | Estimated| Uncertainty|
    +--------+----------+----------+------------+
    |ap_clk  | 10.00 ns | 8.149 ns |   1.25 ns  |
    +--------+----------+----------+------------+

+ Latency: 
    * Summary: 
    +---------+---------+----------+----------+-----+-----+---------+
    |  Latency (cycles) |  Latency (absolute) |  Interval | Pipeline|
    |   min   |   max   |    min   |    max   | min | max |   Type  |
    +---------+---------+----------+----------+-----+-----+---------+
    |       35|       35| 0.350 us | 0.350 us |   35|   35|   none  |
    +---------+---------+----------+----------+-----+-----+---------+

    + Detail: 
        * Instance: 
        N/A

        * Loop: 
        +-------------+---------+---------+----------+-----------+-----------+------+----------+
        |             |  Latency (cycles) | Iteration|  Initiation Interval  | Trip |          |
        |  Loop Name  |   min   |   max   |  Latency |  achieved |   target  | Count| Pipelined|
        +-------------+---------+---------+----------+-----------+-----------+------+----------+
        |- Loop 1     |       33|       33|        11|          -|          -|     3|    no    |
        | + Loop 1.1  |        9|        9|         3|          -|          -|     3|    no    |
        +-------------+---------+---------+----------+-----------+-----------+------+----------+



================================================================
== Utilization Estimates
================================================================
* Summary: 
+-----------------+---------+-------+--------+-------+-----+
|       Name      | BRAM_18K| DSP48E|   FF   |  LUT  | URAM|
+-----------------+---------+-------+--------+-------+-----+
|DSP              |        -|      2|       -|      -|    -|
|Expression       |        -|      -|       0|    295|    -|
|FIFO             |        -|      -|       -|      -|    -|
|Instance         |        -|      -|       0|     50|    -|
|Memory           |        0|      -|       6|      2|    -|
|Multiplexer      |        -|      -|       -|     74|    -|
|Register         |        -|      -|      77|      -|    -|
+-----------------+---------+-------+--------+-------+-----+
|Total            |        0|      2|      83|    421|    0|
+-----------------+---------+-------+--------+-------+-----+
|Available        |      280|    220|  106400|  53200|    0|
+-----------------+---------+-------+--------+-------+-----+
|Utilization (%)  |        0|   ~0  |   ~0   |   ~0  |    0|
+-----------------+---------+-------+--------+-------+-----+

+ Detail: 
    * Instance: 
    +-------------------------+----------------------+---------+-------+---+----+-----+
    |         Instance        |        Module        | BRAM_18K| DSP48E| FF| LUT| URAM|
    +-------------------------+----------------------+---------+-------+---+----+-----+
    |sobel_filter_mux_bkb_U1  |sobel_filter_mux_bkb  |        0|      0|  0|  50|    0|
    +-------------------------+----------------------+---------+-------+---+----+-----+
    |Total                    |                      |        0|      0|  0|  50|    0|
    +-------------------------+----------------------+---------+-------+---+----+-----+

    * DSP48E: 
    +-------------------------+----------------------+--------------+
    |         Instance        |        Module        |  Expression  |
    +-------------------------+----------------------+--------------+
    |sobel_filter_mac_cud_U2  |sobel_filter_mac_cud  | i0 + i1 * i2 |
    |sobel_filter_mac_cud_U3  |sobel_filter_mac_cud  | i0 + i1 * i2 |
    +-------------------------+----------------------+--------------+

    * Memory: 
    +--------+---------------------+---------+---+----+-----+------+-----+------+-------------+
    | Memory |        Module       | BRAM_18K| FF| LUT| URAM| Words| Bits| Banks| W*Bits*Banks|
    +--------+---------------------+---------+---+----+-----+------+-----+------+-------------+
    |x_op_U  |sobel_operator_x_op  |        0|  3|   1|    0|     9|    3|     1|           27|
    |y_op_U  |sobel_operator_y_op  |        0|  3|   1|    0|     9|    3|     1|           27|
    +--------+---------------------+---------+---+----+-----+------+-----+------+-------------+
    |Total   |                     |        0|  6|   2|    0|    18|    6|     2|           54|
    +--------+---------------------+---------+---+----+-----+------+-----+------+-------------+

    * FIFO: 
    N/A

    * Expression: 
    +-------------------------+----------+-------+---+----+------------+------------+
    |      Variable Name      | Operation| DSP48E| FF| LUT| Bitwidth P0| Bitwidth P1|
    +-------------------------+----------+-------+---+----+------------+------------+
    |add_ln56_fu_330_p2       |     +    |      0|  0|  15|           5|           5|
    |add_ln70_fu_300_p2       |     +    |      0|  0|  15|           8|           8|
    |edge_weight_fu_278_p2    |     +    |      0|  0|  23|          16|          16|
    |i_fu_192_p2              |     +    |      0|  0|  10|           2|           1|
    |j_fu_320_p2              |     +    |      0|  0|  10|           2|           1|
    |return_value_fu_350_p10  |     +    |      0|  0|  13|           4|           4|
    |sub_ln262_fu_224_p2      |     -    |      0|  0|  13|           4|           4|
    |sub_ln56_fu_214_p2       |     -    |      0|  0|  15|           5|           5|
    |sub_ln63_1_fu_256_p2     |     -    |      0|  0|  23|           1|          16|
    |sub_ln63_fu_236_p2       |     -    |      0|  0|  23|           1|          16|
    |icmp_ln51_fu_186_p2      |   icmp   |      0|  0|   8|           2|           2|
    |icmp_ln53_fu_314_p2      |   icmp   |      0|  0|   8|           2|           2|
    |icmp_ln63_1_fu_250_p2    |   icmp   |      0|  0|  13|          16|           1|
    |icmp_ln63_fu_230_p2      |   icmp   |      0|  0|  13|          16|           1|
    |icmp_ln65_fu_294_p2      |   icmp   |      0|  0|  11|           8|           1|
    |icmp_ln73_fu_387_p2      |   icmp   |      0|  0|  11|           8|           6|
    |icmp_ln75_fu_392_p2      |   icmp   |      0|  0|  11|           8|           8|
    |or_ln73_fu_405_p2        |    or    |      0|  0|   2|           1|           1|
    |pixel_R_V_fu_411_p3      |  select  |      0|  0|   8|           1|           8|
    |select_ln63_1_fu_262_p3  |  select  |      0|  0|  16|           1|          16|
    |select_ln63_fu_242_p3    |  select  |      0|  0|  16|           1|          16|
    |select_ln70_fu_306_p3    |  select  |      0|  0|   8|           1|           2|
    |select_ln73_fu_397_p3    |  select  |      0|  0|   2|           1|           2|
    |edge_val_fu_382_p2       |    xor   |      0|  0|   8|           8|           2|
    +-------------------------+----------+-------+---+----+------------+------------+
    |Total                    |          |      0|  0| 295|         122|         144|
    +-------------------------+----------+-------+---+----+------------+------------+

    * Multiplexer: 
    +------------------+----+-----------+-----+-----------+
    |       Name       | LUT| Input Size| Bits| Total Bits|
    +------------------+----+-----------+-----+-----------+
    |ap_NS_fsm         |  38|          7|    1|          7|
    |i_0_reg_148       |   9|          2|    2|          4|
    |j_0_reg_159       |   9|          2|    2|          4|
    |x_weight_1_fu_64  |   9|          2|   16|         32|
    |y_weight_1_fu_60  |   9|          2|   16|         32|
    +------------------+----+-----------+-----+-----------+
    |Total             |  74|         15|   37|         79|
    +------------------+----+-----------+-----+-----------+

    * Register: 
    +----------------------+----+----+-----+-----------+
    |         Name         | FF | LUT| Bits| Const Bits|
    +----------------------+----+----+-----+-----------+
    |ap_CS_fsm             |   6|   0|    6|          0|
    |i_0_reg_148           |   2|   0|    2|          0|
    |i_reg_517             |   2|   0|    2|          0|
    |j_0_reg_159           |   2|   0|    2|          0|
    |j_reg_542             |   2|   0|    2|          0|
    |return_value_reg_557  |   8|   0|    8|          0|
    |select_ln70_reg_532   |   8|   0|    8|          0|
    |sub_ln262_reg_527     |   4|   0|    4|          0|
    |sub_ln56_reg_522      |   5|   0|    5|          0|
    |x_op_load_reg_562     |   3|   0|    3|          0|
    |x_weight_1_fu_64      |  16|   0|   16|          0|
    |y_op_load_reg_567     |   3|   0|    3|          0|
    |y_weight_1_fu_60      |  16|   0|   16|          0|
    +----------------------+----+----+-----+-----------+
    |Total                 |  77|   0|   77|          0|
    +----------------------+----+----+-----+-----------+



================================================================
== Interface
================================================================
* Summary: 
+-------------------+-----+-----+------------+-------------------+--------------+
|     RTL Ports     | Dir | Bits|  Protocol  |   Source Object   |    C Type    |
+-------------------+-----+-----+------------+-------------------+--------------+
|ap_clk             |  in |    1| ap_ctrl_hs |   sobel_operator  | return value |
|ap_rst             |  in |    1| ap_ctrl_hs |   sobel_operator  | return value |
|ap_start           |  in |    1| ap_ctrl_hs |   sobel_operator  | return value |
|ap_done            | out |    1| ap_ctrl_hs |   sobel_operator  | return value |
|ap_idle            | out |    1| ap_ctrl_hs |   sobel_operator  | return value |
|ap_ready           | out |    1| ap_ctrl_hs |   sobel_operator  | return value |
|ap_return_0        | out |    8| ap_ctrl_hs |   sobel_operator  | return value |
|ap_return_1        | out |    8| ap_ctrl_hs |   sobel_operator  | return value |
|ap_return_2        | out |    8| ap_ctrl_hs |   sobel_operator  | return value |
|window_M_0_0_read  |  in |    8|   ap_none  | window_M_0_0_read |    scalar    |
|window_M_0_1_read  |  in |    8|   ap_none  | window_M_0_1_read |    scalar    |
|window_M_0_2_read  |  in |    8|   ap_none  | window_M_0_2_read |    scalar    |
|window_M_1_0_read  |  in |    8|   ap_none  | window_M_1_0_read |    scalar    |
|window_M_1_1_read  |  in |    8|   ap_none  | window_M_1_1_read |    scalar    |
|window_M_1_2_read  |  in |    8|   ap_none  | window_M_1_2_read |    scalar    |
|window_M_2_0_read  |  in |    8|   ap_none  | window_M_2_0_read |    scalar    |
|window_M_2_1_read  |  in |    8|   ap_none  | window_M_2_1_read |    scalar    |
|window_M_2_2_read  |  in |    8|   ap_none  | window_M_2_2_read |    scalar    |
+-------------------+-----+-----+------------+-------------------+--------------+

